4 15
1 0
7 0
4 15
6 4
1 0
4 15
6 15
1 0
3 20
4 15
6 15
1 0
