4 15
1 0
7 0
4 15
2 8
3 5
7 33
4 15
6 15
7 33
3 25
4 15
6 15
