100000 1
49999 0
99999 0
99999 0
49999 0
1 1
99999 0
49998 0
1 1
99999 0
49998 0
1 2
