1 5
2 0
1 5
2 5
3 0
1 10
2 5
3 0
1 10
2 10
3 0
4 0
5 0
1 10
2 10
3 1
3 11
1 10
2 10
4 12
3 11
1 10
2 10
5 0
3 13
4 12
1 10
2 10
5 0
10 10000000000
3 13
4 12
1 10
2 10
5 0
100000 0
10 10000000000
3 13
4 12
1 11
2 10
10 10000000000
3 13
1 12
4 12
2 10
5 0
10 10000000000
1 13
3 13
4 12
2 10
10 10000000000
1 14
3 13
4 12
2 10
5 0
10 10000000000
1 15
3 13
4 12
2 10
10 10000000000
1 15
3 13
2 12
4 12
