87177 0
6741 0
86985 0
17419 0
67157 0
46025 0
87750 0
79641 0
83622 0
30002 0
12464 0
68963 0
52032 0
45308 0
74764 0
35994 0
65838 0
90304 0
23133 0
99104 0
27913 0
57734 0
63481 0
95548 0
81554 0
90986 0
58498 0
43603 0
24294 24294
55726 0
38697 0
12634 12634
84706 0
9913 9913
38610 0
37693 0
52722 0
19963 19963
7515 7515
35356 35356
52494 0
61402 0
92173 0
40425 40425
93744 0
9398 9398
56095 0
71407 0
20077 20077
45585 45585
33117 33117
81108 0
55953 0
44201 44201
48496 48496
81358 0
65751 0
31899 31899
9252 9252
50198 50198
77541 0
56738 0
61701 0
76068 0
95118 0
825 825
8135 8135
42019 42019
62316 62316
43817 43817
74405 0
32512 32512
69621 0
90476 0
40145 40145
33294 33294
28668 28668
63576 63576
59894 59894
69197 69197
57752 57752
26981 26981
816 816
53172 53172
83215 0
1308 1308
95609 0
10219 10219
20814 20814
74259 74259
22925 22925
11344 11344
77287 77287
83528 83528
24631 24631
39001 39001
51610 51610
74697 74697
28513 28513
15503 15503
82630 82630
58753 58753
20328 20328
