-194569898514
144 49 186 165 157 61 128 100 38 33 43 118 142 125 45 105 196 52 9 174 163 6 48 193 12 36 94 158 161 130 133 120 180 98 21 108 169 0 176 28 63 143 70 35 129 121 13 17 82 116 145 195 57 47 23 25 155 31 44 175 97 172 51 113 69 75 7 40 42 189 178 166 55 50 3 92 151 96 60 27 152 150 37 188 74 132 41 80 123 171 99 191 134 146 162 22 29 56 78 34 71 19 111 147 53 14 115 148 137 187 197 107 168 135 26 20 102 184 106 91 10 8 149 117 140 124 194 159 90 122 5 18 101 179 185 39 65 79 15 131 68 87 139 141 153 95 46 190 2 164 85 93 136 58 110 1 127 84 76 86 11 66 16 183 177 81 114 72 104 109 64 173 89 83 67 156 103 192 54 181 167 154 126 32 24 160 138 77 112 62 182 88 30 59 119 4 170 73
