-17582466536
16 5 11 9 0 3 6 8 18 7 19 2 1 10 4 12 17 13 14 15
