-84457481737
34 11 54 41 4 24 57 75 26 67 65 6 61 21 5 12 10 42 79 55 72 69 40 85 25 47 81 14 78 20 16 29 76 32 52 62 50 31 64 45 33 70 80 56 7 83 15 2 38 36 17 84 59 74 82 18 48 22 19 35 63 39 23 86 27 13 46 73 71 51 37 68 53 87 8 3 9 28 58 30 44 60 1 0 77 43 66 49
