-189776454376
27 117 131 19 18 167 54 109 50 55 44 6 180 97 65 171 79 85 152 110 21 112 137 155 83 64 42 170 120 29 163 52 48 86 130 30 147 185 123 190 88 156 159 172 84 14 91 178 144 157 71 77 12 36 60 184 105 160 5 68 62 72 32 2 108 92 111 153 176 174 93 59 45 40 63 165 102 166 23 58 115 46 20 161 122 82 90 136 146 175 57 34 177 143 80 81 35 75 150 127 116 124 47 187 121 11 39 22 103 15 134 78 17 66 99 135 162 76 129 158 28 149 169 70 25 168 56 179 37 104 101 67 151 33 145 8 139 53 0 61 133 113 100 31 141 148 49 9 106 119 89 140 186 98 10 4 188 182 142 7 69 173 181 154 1 192 13 126 73 74 118 87 94 189 96 24 43 16 191 125 128 138 26 183 132 164 38 3 95 114 51 107 41
