-177786996459
40 27 95 100 157 107 19 125 96 1 118 114 136 92 127 128 0 73 158 10 59 34 49 72 70 165 82 146 141 161 64 17 152 103 111 13 63 117 33 144 15 66 150 24 41 121 90 142 98 36 91 51 178 84 11 171 6 131 44 29 28 108 71 99 69 32 79 101 140 163 124 129 62 143 159 113 46 137 160 26 164 68 83 174 166 56 52 123 168 39 22 134 86 155 45 89 74 30 48 133 23 102 81 77 50 20 55 5 65 170 85 2 145 37 97 16 126 116 43 53 119 58 57 8 67 105 153 21 130 177 110 35 139 156 61 162 76 106 120 179 122 173 148 180 38 78 7 135 175 4 172 154 169 80 47 104 60 138 31 115 93 94 3 9 109 112 12 132 88 149 167 75 18 87 42 14 147 25 176 151 54
