680
749
805
1154
1377
2652
2950
3015
3309
3966
4100
4637
4883
4909
5207
5563
5873
5993
6229
6293
7115
7194
7464
7653
7684
7805
7933
7995
8231
8947
9125
9285
9631
9820
9918
9988
