14160
33708
48126
58980
101682
150152
171944
195329
219075
236067
281734
323734
361278
378207
411515
441721
488391
531618
548465
573971
596739
627574
646349
667296
677614
715734
728609
775878
809516
820801
857417
916955
950057
968305
