59000
129912
311768
393551
609949
642518
768162
964665
977319
