29
39
45
85
117
125
145
176
216
293
307
319
327
496
549
598
637
649
769
781
892
903
924
933
983
1102
1356
1913
2272
2413
2464
2518
2615
3153
3229
3333
3459
3670
3983
4334
4341
4351
4463
4514
4642
5044
5084
5105
5541
5898
6057
6068
6239
6290
6465
6489
6737
6762
6921
7562
7655
7797
7985
8024
8210
8436
8513
8573
8968
9337
9542
9699
9743
