9
25
40
57
19828
33176
33622
36520
44225
53767
56514
60782
73071
77658
79248
80408
100278
120353
147099
161483
166402
178444
196964
249782
287908
320182
322260
325105
333738
334250
334954
343673
344848
349792
362061
372723
396447
435078
454658
472360
472890
477176
484136
498142
506374
509531
515759
516208
531912
553739
560956
569516
570418
572005
583041
593080
595254
599731
604330
609994
664654
671030
688513
692428
709103
717850
741538
753267
758576
760448
773343
773595
780816
794411
810234
810609
816502
858634
860870
869307
874051
875615
884650
885075
888198
894968
895828
900489
918074
931056
952987
958898
962324
967662
972091
984671
985130
