5612
25938
55799
81385
103041
116930
168062
213834
229183
262176
303013
321751
338848
350582
382158
409519
431579
452360
510985
566721
594324
630491
665201
726088
760919
776639
826776
837123
859221
870670
929006
944406
963281
