231
270
287
360
380
413
971
979
3736
3824
4401
4798
31732
37098
37560
65040
66763
68781
70885
77716
92056
