4075
28100
38989
75206
123971
134333
150896
164556
180946
201723
236182
250711
264333
278889
290353
317937
331285
351493
361673
374615
390727
411411
425699
449322
465532
487936
517064
542268
579476
591330
612247
641537
658621
674278
702998
714588
726183
751373
767611
784752
799132
829674
851671
861837
879037
891945
908245
920503
939798
951650
979352
989751
