16976
30362
32102
45230
48178
65316
71853
78816
80027
99379
115495
121240
126602
136219
139046
146343
153227
156712
158467
168120
170418
174688
192453
203930
216855
229565
255305
281707
291113
292601
304329
307853
321648
332944
340324
346620
349665
354543
361523
367384
377545
389047
392256
393976
397641
404088
414646
419188
427764
440946
448740
461236
469596
487189
488481
500367
534023
539333
552125
557058
568445
572436
573537
594684
612598
623139
660458
679727
697007
729392
736067
740405
743759
747111
763300
767519
779411
794135
824786
828004
838268
843145
847253
866353
874773
878390
880050
891003
915200
916310
920092
921605
925165
944292
954495
959632
