1775
14466
25740
48137
52394
69162
88258
95846
124775
130673
136676
146183
149585
150944
162221
181037
231439
237644
242679
246328
247955
253342
261213
288289
292450
314971
316154
325032
332036
346306
360408
379794
388947
396913
405881
418390
429184
443562
453718
470301
478317
507867
510240
515060
527719
542946
547187
581018
588289
611963
614228
617549
620131
635598
640718
644945
663655
676001
683132
693840
712599
725966
747433
753666
758175
786625
797616
807460
820008
852732
854933
863695
865079
869115
895658
898045
906214
910019
911125
917722
923350
945314
951569
956585
960544
961554
965961
974812
986654
988123
990839
