0
32764
49229
60212
73393
116087
139974
158499
181738
198585
210263
245703
256525
272073
316466
337329
350044
370767
417676
437687
452700
470962
484940
509197
541178
562217
587366
609374
624833
656550
671990
683413
697085
708875
724080
745650
763483
785708
811723
830777
849583
868779
884271
913768
933135
951034
964784
975688
989440
