5382
33261
59538
80375
95365
125193
145336
173368
185045
196891
238106
262475
279588
299563
320620
339093
356462
371768
399163
419136
431628
451966
462956
489675
506112
521545
543184
576664
594343
607310
633399
646541
669272
688722
705556
716200
734761
746187
772504
790602
802442
817824
848467
864080
877941
908989
931597
956520
969162
989948
