9341
25842
44028
71601
88818
124730
136487
149606
174731
192115
209421
227691
238604
254898
266805
302530
314750
333321
355883
379667
394019
414545
429927
445997
469529
490384
524884
544665
559176
572536
591043
601330
643060
653798
668754
689750
711606
725427
736598
764536
778407
789041
805401
821135
840476
851359
879948
896386
916346
931143
950247
971362
983972
